
> project@0.1.0 build
> next build

Γû▓ Next.js 16.1.6 (Turbopack)

  Creating an optimized production build ...
Γ£ô Compiled successfully in 2.9s
  Running TypeScript ...
node.exe : Failed to compile.
At C:\Program Files\nodejs\npm.ps1:29 char:3
+   & $NODE_EXE $NPM_CLI_JS $args
+   ~~~~~~~~~~~~~~~~~~~~~~~~~~~~~
    + CategoryInfo          : NotSpecified: (Failed to compile.:String) [], RemoteException
    + FullyQualifiedErrorId : NativeCommandError
 

./app/about-us/page.tsx:4:18
Type error: Module '"lucide-react"' has no exported member 'Tool'.

[0m [90m 2 |[39m [36mimport[39m { [33mHeader[39m } [36mfrom[39m [32m"@/components/Header"[39m[33m;[39m
 [90m 3 |[39m [36mimport[39m { [33mFooter[39m } [36mfrom[39m [32m"@/components/Footer"[39m[33m;[39m
[31m[1m>[22m[39m[90m 4 |[39m [36mimport[39m { [33mShield[39m[33m,[39m [33mTool[39m[33m,[39m [33mCheckCircle[39m[33m,[39m [33mClock[39m[33m,[39m 
[33mHeart[39m[33m,[39m [33mUsers[39m[33m,[39m [33mAward[39m } [36mfrom[39m [32m"lucide-react"[39m[33m;[39m
 [90m   |[39m                  [31m[1m^[22m[39m
 [90m 5 |[39m
 [90m 6 |[39m [36mexport[39m [36mdefault[39m [36mfunction[39m [33mAboutUsPage[39m() {
 [90m 7 |[39m     [36mreturn[39m ([0m
Next.js build worker exited with code: 1 and signal: null
